Picked up JAVA_TOOL_OPTIONS: -Xmx512m
{
  "water_cut_pct": 30.0,
  "inlet_mass_kg_hr": 171398.64063866832,
  "reference_liquid_m3_hr": 200.0,
  "oil_rate_m3hr": 149.06899490958267,
  "sep1_water_m3hr": 61.99623040756958,
  "gas_rate_MSm3d": 0.26066572725682363,
  "compression_MW": 0.30685358940780866,
  "sep1_actual_liquid_m3hr": 223.7519493208851,
  "sep1_liquid_util_pct": 55.937987330221276,
  "mass_products_kg_hr": 171398.64063856192
}
[
  {
    "water_cut_pct": 10.000000000001087,
    "inlet_mass_kg_hr": 162554.35822116787,
    "reference_liquid_m3_hr": 200.0,
    "oil_rate_m3hr": 191.6543429535022,
    "sep1_water_m3hr": 20.721417140826183,
    "gas_rate_MSm3d": 0.336320766739977,
    "compression_MW": 0.3947992764753307,
    "sep1_actual_liquid_m3hr": 228.69883715491497,
    "sep1_liquid_util_pct": 57.17470928872874,
    "mass_products_kg_hr": 162554.35822113184
  },
  {
    "water_cut_pct": 15.000000000000005,
    "inlet_mass_kg_hr": 164765.4280992172,
    "reference_liquid_m3_hr": 200.0,
    "oil_rate_m3hr": 181.0080148747237,
    "sep1_water_m3hr": 31.040168494499824,
    "gas_rate_MSm3d": 0.3174063491774596,
    "compression_MW": 0.3728120773082586,
    "sep1_actual_liquid_m3hr": 227.46214070246285,
    "sep1_liquid_util_pct": 56.86553517561571,
    "mass_products_kg_hr": 164765.42809906305
  },
  {
    "water_cut_pct": 19.99999999999876,
    "inlet_mass_kg_hr": 166976.49840161426,
    "reference_liquid_m3_hr": 200.0,
    "oil_rate_m3hr": 170.36168151845283,
    "sep1_water_m3hr": 41.35889147319491,
    "gas_rate_MSm3d": 0.29849232013845034,
    "compression_MW": 0.35082533731794185,
    "sep1_actual_liquid_m3hr": 226.22542917959788,
    "sep1_liquid_util_pct": 56.55635729489947,
    "mass_products_kg_hr": 166976.4984014935
  },
  {
    "water_cut_pct": 25.000000000000945,
    "inlet_mass_kg_hr": 169187.5692122463,
    "reference_liquid_m3_hr": 200.0,
    "oil_rate_m3hr": 159.71534193012567,
    "sep1_water_m3hr": 51.677580933250454,
    "gas_rate_MSm3d": 0.2795787500051699,
    "compression_MW": 0.3288391397776173,
    "sep1_actual_liquid_m3hr": 224.98869986074598,
    "sep1_liquid_util_pct": 56.247174965186495,
    "mass_products_kg_hr": 169187.5692122399
  },
  {
    "water_cut_pct": 30.0,
    "inlet_mass_kg_hr": 171398.64063866832,
    "reference_liquid_m3_hr": 200.0,
    "oil_rate_m3hr": 149.06899490958267,
    "sep1_water_m3hr": 61.99623040756958,
    "gas_rate_MSm3d": 0.26066572725682363,
    "compression_MW": 0.30685358940780866,
    "sep1_actual_liquid_m3hr": 223.7519493208851,
    "sep1_liquid_util_pct": 55.937987330221276,
    "mass_products_kg_hr": 171398.64063856192
  },
  {
    "water_cut_pct": 35.0,
    "inlet_mass_kg_hr": 173609.71282112028,
    "reference_liquid_m3_hr": 200.0,
    "oil_rate_m3hr": 138.42263892902358,
    "sep1_water_m3hr": 72.3148316506587,
    "gas_rate_MSm3d": 0.2417533646820928,
    "compression_MW": 0.2848688197328525,
    "sep1_actual_liquid_m3hr": 222.51517319580236,
    "sep1_liquid_util_pct": 55.62879329895058,
    "mass_products_kg_hr": 173609.7128210016
  },
  {
    "water_cut_pct": 40.0,
    "inlet_mass_kg_hr": 175820.78594581998,
    "reference_liquid_m3_hr": 200.0,
    "oil_rate_m3hr": 127.77627200987288,
    "sep1_water_m3hr": 82.63337398193303,
    "gas_rate_MSm3d": 0.2228418083488201,
    "compression_MW": 0.26288500373581536,
    "sep1_actual_liquid_m3hr": 221.27836583623542,
    "sep1_liquid_util_pct": 55.319591459058856,
    "mass_products_kg_hr": 175820.7859457344
  },
  {
    "water_cut_pct": 45.00000000000099,
    "inlet_mass_kg_hr": 178031.86026574732,
    "reference_liquid_m3_hr": 200.0,
    "oil_rate_m3hr": 117.12989154556762,
    "sep1_water_m3hr": 92.95184331487414,
    "gas_rate_MSm3d": 0.2039312508546928,
    "compression_MW": 0.24090236958203873,
    "sep1_actual_liquid_m3hr": 220.04151979763344,
    "sep1_liquid_util_pct": 55.01037994940836,
    "mass_products_kg_hr": 178031.860265764
  },
  {
    "water_cut_pct": 49.999999999999986,
    "inlet_mass_kg_hr": 180242.93613327228,
    "reference_liquid_m3_hr": 200.0,
    "oil_rate_m3hr": 106.48349402983695,
    "sep1_water_m3hr": 103.27022068082174,
    "gas_rate_MSm3d": 0.18502195146656056,
    "compression_MW": 0.21892122453803273,
    "sep1_actual_liquid_m3hr": 218.80462506487046,
    "sep1_liquid_util_pct": 54.701156266217616,
    "mass_products_kg_hr": 180242.9361332008
  },
  {
    "water_cut_pct": 55.000000000024116,
    "inlet_mass_kg_hr": 182454.0140543428,
    "reference_liquid_m3_hr": 200.0,
    "oil_rate_m3hr": 95.837074633298,
    "sep1_water_m3hr": 113.58847991201269,
    "gas_rate_MSm3d": 0.16611426771780738,
    "compression_MW": 0.1969419925459786,
    "sep1_actual_liquid_m3hr": 217.56766783764056,
    "sep1_liquid_util_pct": 54.39191695941014,
    "mass_products_kg_hr": 182454.01405427858
  },
  {
    "water_cut_pct": 59.99999999999789,
    "inlet_mass_kg_hr": 184665.09478258417,
    "reference_liquid_m3_hr": 200.0,
    "oil_rate_m3hr": 85.19062651373486,
    "sep1_water_m3hr": 123.90658386455613,
    "gas_rate_MSm3d": 0.14720870686227658,
    "compression_MW": 0.17496527540693133,
    "sep1_actual_liquid_m3hr": 216.3306285551726,
    "sep1_liquid_util_pct": 54.08265713879316,
    "mass_products_kg_hr": 184665.09478253883
  },
  {
    "water_cut_pct": 65.00000000000344,
    "inlet_mass_kg_hr": 186876.17949156713,
    "reference_liquid_m3_hr": 200.0,
    "oil_rate_m3hr": 74.54413964615478,
    "sep1_water_m3hr": 134.22447798216572,
    "gas_rate_MSm3d": 0.12830601348298984,
    "compression_MW": 0.152991957069261,
    "sep1_actual_liquid_m3hr": 215.09347853728713,
    "sep1_liquid_util_pct": 53.77336963432178,
    "mass_products_kg_hr": 186876.17949152747
  },
  {
    "water_cut_pct": 70.0,
    "inlet_mass_kg_hr": 189087.27011499114,
    "reference_liquid_m3_hr": 200.0,
    "oil_rate_m3hr": 63.89759873228305,
    "sep1_water_m3hr": 144.5420787162431,
    "gas_rate_MSm3d": 0.1094073268808476,
    "compression_MW": 0.13102339115351386,
    "sep1_actual_liquid_m3hr": 213.85617396364336,
    "sep1_liquid_util_pct": 53.46404349091083,
    "mass_products_kg_hr": 189087.27011504673
  },
  {
    "water_cut_pct": 74.99999999999986,
    "inlet_mass_kg_hr": 191298.3700809883,
    "reference_liquid_m3_hr": 200.0,
    "oil_rate_m3hr": 53.250979212507445,
    "sep1_water_m3hr": 154.85925125331386,
    "gas_rate_MSm3d": 0.09051448320403253,
    "compression_MW": 0.10906176129293087,
    "sep1_actual_liquid_m3hr": 212.6186443434272,
    "sep1_liquid_util_pct": 53.15466108585681,
    "mass_products_kg_hr": 191298.37008103347
  },
  {
    "water_cut_pct": 80.0,
    "inlet_mass_kg_hr": 193509.48610137065,
    "reference_liquid_m3_hr": 200.0,
    "oil_rate_m3hr": 42.604239029710904,
    "sep1_water_m3hr": 165.17576283850894,
    "gas_rate_MSm3d": 0.07163064666056936,
    "compression_MW": 0.08711083482332202,
    "sep1_actual_liquid_m3hr": 211.38076850844243,
    "sep1_liquid_util_pct": 52.84519212711061,
    "mass_products_kg_hr": 193509.48610137685
  }
]
PASS 15 cases 304 balance checks
