{
  "pdf": "C:\\Users\\solbraa\\OneDrive - NTNU\\Documents\\GitHub\\neqsim\\neqsim-paperlab\\books\\production_optimization_oil_gas_2026\\verification\\pdf_final\\inspection_diagnostic_regression\\normal_page.pdf",
  "sha256": "cc184701efc92d6c247c530e7eca6936ed4a86828055937d6e34e4c3a055bed2",
  "pages": 1,
  "page_size_mm": [
    170.0,
    244.0
  ],
  "selected_pages": [
    1,
    2,
    5,
    8
  ],
  "matched_sections": {},
  "intentional_sparse_page_exceptions": [],
  "layout_review_required_pages": [],
  "diagnostic_policy": {
    "auto_certifies_layout": false,
    "body_vertical_band_fraction": [
      0.07,
      0.92
    ],
    "collision_scan": "Includes text below the body band to detect overprinted content intruding into the footer; only isolated numeric page labels are excluded.",
    "sparse_threshold": "At most3 body text lines and160 characters without images; image-only pages are separately identified.",
    "overlap_threshold": "At least10 pairs, each overlapping30% of the smaller line height and25% of its width, affecting at least12% of body lines.",
    "limitations": "Review diagnostics only. Intentional title/frontmatter pages and some equations may be flagged; other defects may be missed. Explicit sparse-page exceptions never suppress dense-overlap diagnostics. Zero findings does not replace visual review."
  }
}
Text spans outside page: 0 ; empty pages: 0
Body-empty/visual-only pages: 0 ; sparse body pages: 0 ; dense overlapping body pages: 0 ; automatic layout certification: disabled
First overflows: []
