{
  "pdf": "C:\\Users\\solbraa\\OneDrive - NTNU\\Documents\\GitHub\\neqsim\\neqsim-paperlab\\books\\production_optimization_oil_gas_2026\\.build\\rejected_visual_review_2cd8b9f\\book.pdf",
  "sha256": "2cd8b9f074cd5291b613e24505e0d2910ed9a842c3d86e856faeaf2bbc5af7e7",
  "pages": 1389,
  "page_size_mm": [
    170.0,
    244.0
  ],
  "selected_pages": [
    1,
    2,
    5,
    6,
    8,
    9,
    25,
    26,
    27,
    28,
    48,
    64,
    68,
    77,
    78,
    88,
    89,
    102,
    135,
    136,
    144,
    173,
    242,
    278,
    286,
    350,
    351,
    352,
    353,
    474,
    646,
    687,
    688,
    722,
    768,
    814,
    858,
    890,
    1008,
    1106,
    1146,
    1206,
    1209,
    1236,
    1269,
    1270,
    1293,
    1294,
    1385,
    1386,
    1387,
    1388,
    1389
  ],
  "matched_sections": {
    "preface": 6,
    "software": 9,
    "code": 48,
    "table": 64,
    "flow_figure": 64,
    "separator": 353,
    "evidence": 890,
    "pareto": 1269,
    "seasonal": 1270
  },
  "intentional_sparse_page_exceptions": [
    {
      "page": 1,
      "reason": "Intentional illustrated cover, visually reviewed",
      "diagnostic_detected": true
    },
    {
      "page": 2,
      "reason": "Intentional half-title frontmatter, visually reviewed",
      "diagnostic_detected": true
    },
    {
      "page": 3,
      "reason": "Intentional title page, visually reviewed",
      "diagnostic_detected": false
    }
  ],
  "layout_review_required_pages": [
    5,
    25,
    26,
    27,
    28,
    68,
    77,
    78,
    88,
    89,
    102,
    135,
    136,
    144,
    173,
    242,
    278,
    286,
    350,
    351,
    352,
    474,
    646,
    687,
    688,
    722,
    768,
    814,
    858,
    1008,
    1106,
    1146,
    1206,
    1209,
    1236,
    1293,
    1294,
    1385,
    1386,
    1387,
    1388
  ],
  "diagnostic_policy": {
    "auto_certifies_layout": false,
    "body_vertical_band_fraction": [
      0.07,
      0.92
    ],
    "collision_scan": "Includes text below the body band to detect overprinted content intruding into the footer; only isolated numeric page labels are excluded.",
    "sparse_threshold": "At most3 body text lines and160 characters without images; image-only pages are separately identified.",
    "overlap_threshold": "At least10 pairs, each overlapping30% of the smaller line height and25% of its width, affecting at least12% of body lines.",
    "limitations": "Review diagnostics only. Intentional title/frontmatter pages and some equations may be flagged; other defects may be missed. Explicit sparse-page exceptions never suppress dense-overlap diagnostics. Zero findings does not replace visual review."
  }
}
Text spans outside page: 0 ; empty pages: 0
Body-empty/visual-only pages: 21 ; sparse body pages: 12 ; dense overlapping body pages: 10 ; automatic layout certification: disabled
First overflows: []
