|  Welcome to JShell -- Version 25.0.4.1
|  For an introduction type: /help intro

jshell> |  Feedback mode: normal

jshell> 
jshell> 
jshell> $3 ==> "BOOK_BLOCK_001_BEGIN"

jshell> 
jshell> $22 ==> "BOOK_BLOCK_001_END"

jshell> $23 ==> "BOOK_BLOCK_029_BEGIN"

jshell> 2026-09-12 20:18:38 INFO  BookChapter6:8 - Opening 40.0%, flow 51903.67645064348 kg/hr, converged false
2026-09-12 20:18:38 INFO  BookChapter6:10 - Hydraulic residual 212.75386266130954 Pa
2026-09-12 20:18:38 INFO  BookChapter6:8 - Opening 60.0%, flow 51903.678667034204 kg/hr, converged false
2026-09-12 20:18:38 INFO  BookChapter6:10 - Hydraulic residual 405.44349404610693 Pa
2026-09-12 20:18:38 INFO  BookChapter6:8 - Opening 80.0%, flow 51903.6835327447 kg/hr, converged false
2026-09-12 20:18:38 INFO  BookChapter6:10 - Hydraulic residual 405.4273316413164 Pa
2026-09-12 20:18:38 INFO  BookChapter6:8 - Opening 100.0%, flow 51903.68585111452 kg/hr, converged false
2026-09-12 20:18:38 INFO  BookChapter6:10 - Hydraulic residual 405.4273329973221 Pa

jshell> $46 ==> "BOOK_BLOCK_029_END"

jshell> $47 ==> "BOOK_BLOCK_030_BEGIN"

jshell> 2026-09-12 20:18:40 INFO  BookChapter6:5 - Optimizer converged true, hydraulics converged false, message Optimization completed
2026-09-12 20:18:40 INFO  BookChapter6:5 - Candidate production 92852.43925449443 kg/hr, choke openings [100.0, 100.0]

jshell> $55 ==> "BOOK_BLOCK_030_END"

jshell> $56 ==> "BOOK_BLOCK_031_BEGIN"

jshell> 2026-09-12 20:18:42 INFO  BookChapter6:5 - CMA-ES search converged true, unvalidated candidate 92852.43925616462 kg/hr: Optimization completed

jshell> $63 ==> "BOOK_BLOCK_031_END"

jshell> $64 ==> "BOOK_BLOCK_032_BEGIN"

jshell> 2026-09-12 20:18:43 INFO  BookChapter6:6 - Unvalidated candidate 92852.43925449449 kg/hr, compressor power 0.0 kW, weight 0.0
2026-09-12 20:18:43 INFO  BookChapter6:6 - Unvalidated candidate 92852.4391697163 kg/hr, compressor power 0.0 kW, weight 0.5
2026-09-12 20:18:43 INFO  BookChapter6:6 - Unvalidated candidate 92852.43925449449 kg/hr, compressor power 0.0 kW, weight 1.0

jshell> $70 ==> "BOOK_BLOCK_032_END"

jshell> 