|  Welcome to JShell -- Version 25.0.4.1
|  For an introduction type: /help intro

jshell> |  Feedback mode: normal

jshell> 
jshell> 
jshell> $3 ==> "BOOK_BLOCK_001_BEGIN"

jshell> 
jshell> $22 ==> "BOOK_BLOCK_001_END"

jshell> $23 ==> "BOOK_BLOCK_002_BEGIN"

jshell> 
jshell> $26 ==> "BOOK_BLOCK_002_END"

jshell> $27 ==> "BOOK_BLOCK_003_BEGIN"

jshell> 
jshell> $32 ==> "BOOK_BLOCK_003_END"

jshell> $33 ==> "BOOK_BLOCK_004_BEGIN"

jshell> 
jshell> $39 ==> "BOOK_BLOCK_004_END"

jshell> $40 ==> "BOOK_BLOCK_005_BEGIN"

jshell> 
jshell> $42 ==> "BOOK_BLOCK_005_END"

jshell> $43 ==> "BOOK_BLOCK_006_BEGIN"

jshell> 
jshell> $48 ==> "BOOK_BLOCK_006_END"

jshell> $49 ==> "BOOK_BLOCK_007_BEGIN"

jshell> 
jshell> $53 ==> "BOOK_BLOCK_007_END"

jshell> $54 ==> "BOOK_BLOCK_008_BEGIN"

jshell> 
jshell> $56 ==> "BOOK_BLOCK_008_END"

jshell> $57 ==> "BOOK_BLOCK_009_BEGIN"

jshell> 
jshell> $61 ==> "BOOK_BLOCK_009_END"

jshell> $62 ==> "BOOK_BLOCK_010_BEGIN"

jshell> 
jshell> $64 ==> "BOOK_BLOCK_010_END"

jshell> $65 ==> "BOOK_BLOCK_011_BEGIN"

jshell> 
jshell> $67 ==> "BOOK_BLOCK_011_END"

jshell> $68 ==> "BOOK_BLOCK_014_BEGIN"

jshell> 
jshell> $73 ==> "BOOK_BLOCK_014_END"

jshell> $74 ==> "BOOK_BLOCK_015_BEGIN"

jshell> 
jshell> $77 ==> "BOOK_BLOCK_015_END"

jshell> $78 ==> "BOOK_BLOCK_016_BEGIN"

jshell> 2026-09-12 22:37:48 INFO  BookChapter6:5 - Converged: true
2026-09-12 22:37:48 INFO  BookChapter6:5 - Iterations: 100
2026-09-12 22:37:48 INFO  BookChapter6:5 - Total production: 45.68648891166163 kg/s

jshell> $146 ==> "BOOK_BLOCK_016_END"

jshell> $147 ==> "BOOK_BLOCK_017_BEGIN"

jshell> 
jshell> $149 ==> "BOOK_BLOCK_017_END"

jshell> $150 ==> "BOOK_BLOCK_018_BEGIN"

jshell> 2026-09-12 22:37:48 INFO  BookChapter6:5 - Hydraulic summary: {pipeFlowRates_kghr={Tubing-A=39628.625721182085, Tubing-C=78289.13280616932, Tubing-B=46553.60155463044, IPR-B=46553.60155463044, IPR-C=78289.13280616932, Flowline-A=39628.625721182085, IPR-A=39628.625721182085, Flowline-B=46553.60155463044, Flowline-C=78289.13280616932, Production Riser=164471.36008198187, Choke-C=78289.13280616932, Choke-B=46553.60155463044, Choke-A=39628.625721182085}, numberOfLoops=0, converged=true, nodePressures_bara={Subsea-Manifold=43.068790988190386, BH-C=199.95063094135082, BH-B=199.3849064713886, Platform=35.0, Res-C=200.0, BH-A=170.74274855763585, Down-C=52.28893839464664, Res-B=220.0, Res-A=250.0, Down-B=51.88387705814054, Down-A=47.314252174361854, WH-A=94.62850434872195, WH-B=103.76775411628599, WH-C=104.57787678929236}, numberOfPipes=13, massBalanceError_kgs=0.0, networkName=Subsea Field, maxResidual_Pa=8.288770914077759E-7, numberOfNodes=14, solverType=NEWTON_RAPHSON, iterations=100, tolerance_Pa=1.0E-6}

jshell> $152 ==> "BOOK_BLOCK_018_END"

jshell> $153 ==> "BOOK_BLOCK_019_BEGIN"

jshell> 2026-09-12 22:37:48 INFO  BookChapter6:5 - Mass balance error: 0.0 kg/s

jshell> $155 ==> "BOOK_BLOCK_019_END"

jshell> $156 ==> "BOOK_BLOCK_020_BEGIN"

jshell> 
jshell> $163 ==> "BOOK_BLOCK_020_END"

jshell> $164 ==> "BOOK_BLOCK_021_BEGIN"

jshell> 
jshell> $167 ==> "BOOK_BLOCK_021_END"

jshell> $168 ==> "BOOK_BLOCK_022_BEGIN"

jshell> 
jshell> $170 ==> "BOOK_BLOCK_022_END"

jshell> $171 ==> "BOOK_BLOCK_023_BEGIN"

jshell> 
jshell> $173 ==> "BOOK_BLOCK_023_END"

jshell> $174 ==> "BOOK_BLOCK_024_BEGIN"

jshell> 
jshell> $176 ==> "BOOK_BLOCK_024_END"

jshell> $177 ==> "BOOK_BLOCK_025_BEGIN"

jshell> 
jshell> $180 ==> "BOOK_BLOCK_025_END"

jshell> $181 ==> "BOOK_BLOCK_026_BEGIN"

jshell> 
jshell> $191 ==> "BOOK_BLOCK_026_END"

jshell> $192 ==> "BOOK_BLOCK_027_BEGIN"

jshell> 
jshell> $195 ==> "BOOK_BLOCK_027_END"

jshell> $196 ==> "BOOK_BLOCK_028_BEGIN"

jshell> 
jshell> $198 ==> "BOOK_BLOCK_028_END"

jshell> $199 ==> "BOOK_BLOCK_029_BEGIN"

jshell> 2026-09-12 22:38:10 INFO  BookChapter6:24 - Accepted: residual 11.445194067946431 Pa, mass error 0.0 kg/s, status IEC_GAS_CRITICAL
2026-09-12 22:38:10 INFO  BookChapter6:26 - Opening 40.0%, flow 9114.398027218225 kg/hr, converged true
2026-09-12 22:38:10 INFO  BookChapter6:28 - Hydraulic residual 11.445194067946431 Pa
2026-09-12 22:38:10 INFO  BookChapter6:24 - Accepted: residual 1.3096723705530167E-10 Pa, mass error 0.0 kg/s, status IEC_GAS_CRITICAL
2026-09-12 22:38:10 INFO  BookChapter6:26 - Opening 60.0%, flow 13671.597040827353 kg/hr, converged true
2026-09-12 22:38:10 INFO  BookChapter6:28 - Hydraulic residual 1.3096723705530167E-10 Pa
2026-09-12 22:38:10 INFO  BookChapter6:24 - Accepted: residual 1.964508555829525E-10 Pa, mass error 0.0 kg/s, status IEC_GAS_CRITICAL
2026-09-12 22:38:10 INFO  BookChapter6:26 - Opening 80.0%, flow 18228.796054436458 kg/hr, converged true
2026-09-12 22:38:10 INFO  BookChapter6:28 - Hydraulic residual 1.964508555829525E-10 Pa
2026-09-12 22:38:10 INFO  BookChapter6:24 - Accepted: residual 1.1641532182693481E-10 Pa, mass error 0.0 kg/s, status IEC_GAS_CRITICAL
2026-09-12 22:38:10 INFO  BookChapter6:26 - Opening 100.0%, flow 22785.99506804557 kg/hr, converged true
2026-09-12 22:38:10 INFO  BookChapter6:28 - Hydraulic residual 1.1641532182693481E-10 Pa

jshell> $225 ==> "BOOK_BLOCK_029_END"

jshell> $226 ==> "BOOK_BLOCK_030_BEGIN"

jshell> 2026-09-12 22:38:11 INFO  BookChapter6:5 - Optimizer converged true, hydraulics converged true, message Optimization completed
2026-09-12 22:38:11 INFO  BookChapter6:5 - Candidate production 38889.57263659438 kg/hr, choke openings [100.0, 100.0]

jshell> $234 ==> "BOOK_BLOCK_030_END"

jshell> $235 ==> "BOOK_BLOCK_031_BEGIN"

jshell> 2026-09-12 22:38:13 INFO  BookChapter6:5 - CMA-ES search converged true, unvalidated candidate 38889.572636594356 kg/hr: Optimization completed

jshell> $242 ==> "BOOK_BLOCK_031_END"

jshell> $243 ==> "BOOK_BLOCK_032_BEGIN"

jshell> 2026-09-12 22:38:13 INFO  BookChapter6:6 - Unvalidated candidate 38889.57263659438 kg/hr, compressor power 0.0 kW, weight 0.0
2026-09-12 22:38:13 INFO  BookChapter6:6 - Unvalidated candidate 38889.57263659438 kg/hr, compressor power 0.0 kW, weight 0.5
2026-09-12 22:38:13 INFO  BookChapter6:6 - Unvalidated candidate 38889.57263659438 kg/hr, compressor power 0.0 kW, weight 1.0

jshell> $249 ==> "BOOK_BLOCK_032_END"

jshell> $250 ==> "BOOK_BLOCK_036_BEGIN"

jshell> 
jshell> $260 ==> "BOOK_BLOCK_036_END"

jshell> $261 ==> "BOOK_BLOCK_037_BEGIN"

jshell> 
jshell> $270 ==> "BOOK_BLOCK_037_END"

jshell> $271 ==> "BOOK_BLOCK_038_BEGIN"

jshell> 
jshell> $279 ==> "BOOK_BLOCK_038_END"

jshell> $280 ==> "BOOK_BLOCK_039_BEGIN"

jshell> 
jshell> $282 ==> "BOOK_BLOCK_039_END"

jshell> $283 ==> "BOOK_BLOCK_040_BEGIN"

jshell> 
jshell> $287 ==> "BOOK_BLOCK_040_END"

jshell> $288 ==> "BOOK_BLOCK_041_BEGIN"

jshell> 
jshell> $295 ==> "BOOK_BLOCK_041_END"

jshell> $296 ==> "BOOK_BLOCK_042_BEGIN"

jshell> 2026-09-12 22:38:39 INFO  BookChapter6:5 - Hardy Cross: 1 iterations, 562,3 ms

2026-09-12 22:38:39 INFO  BookChapter6:5 - Newton-Raphson: 67 iterations, 11461,8 ms


jshell> $309 ==> "BOOK_BLOCK_042_END"

jshell> 