|  Welcome to JShell -- Version 25.0.4.1
|  For an introduction type: /help intro

jshell> |  Feedback mode: normal

jshell> 
jshell> 
jshell> $3 ==> "BOOK_BLOCK_009_BEGIN"

jshell> 2026-09-12 20:11:38 INFO  BookChapter10:5 - Capacity implementation: neqsim.process.equipment.separator.Separator

jshell> $33 ==> "BOOK_BLOCK_009_END"

jshell> $34 ==> "BOOK_BLOCK_010_BEGIN"

jshell> 
jshell> $36 ==> "BOOK_BLOCK_010_END"

jshell> $37 ==> "BOOK_BLOCK_011_BEGIN"

jshell> 
jshell> $39 ==> "BOOK_BLOCK_011_END"

jshell> $40 ==> "BOOK_BLOCK_012_BEGIN"

jshell> 
jshell> $42 ==> "BOOK_BLOCK_012_END"

jshell> $43 ==> "BOOK_BLOCK_013_BEGIN"

jshell> 
jshell> $45 ==> "BOOK_BLOCK_013_END"

jshell> $46 ==> "BOOK_BLOCK_014_BEGIN"

jshell> 
jshell> $48 ==> "BOOK_BLOCK_014_END"

jshell> $49 ==> "BOOK_BLOCK_015_BEGIN"

jshell> 
jshell> $54 ==> "BOOK_BLOCK_015_END"

jshell> $55 ==> "BOOK_BLOCK_016_BEGIN"

jshell> 2026-09-12 20:11:46 INFO  BookChapter10:5 - Separator utilization: 115.17205270212432%
2026-09-12 20:11:47 INFO  BookChapter10:6 - WARNING: Separator capacity exceeded!
2026-09-12 20:11:49 INFO  BookChapter10:8 - gasLoadFactor: 115.17205270212432%
2026-09-12 20:11:49 INFO  BookChapter10:8 - kValue: 65.12162001320971%
2026-09-12 20:11:49 INFO  BookChapter10:8 - dropletCutSize: 21.72041317783617%
2026-09-12 20:11:49 INFO  BookChapter10:8 - inletMomentum: 6.523133875312513%
2026-09-12 20:11:49 INFO  BookChapter10:8 - oilRetentionTime: 50.47200942679603%
2026-09-12 20:11:49 INFO  BookChapter10:8 - waterRetentionTime: 3.118986070031764%

jshell> $61 ==> "BOOK_BLOCK_016_END"

jshell> $62 ==> "BOOK_BLOCK_017_BEGIN"

jshell> 
jshell> $64 ==> "BOOK_BLOCK_017_END"

jshell> $65 ==> "BOOK_BLOCK_018_BEGIN"

jshell> 
jshell> $76 ==> "BOOK_BLOCK_018_END"

jshell> $77 ==> "BOOK_BLOCK_019_BEGIN"

jshell> 2026-09-12 20:12:22 INFO  BookChapter10:5 - Utilization with design K-factor: 398.49411638363745%

jshell> $90 ==> "BOOK_BLOCK_019_END"

jshell> $91 ==> "BOOK_BLOCK_020_BEGIN"

jshell> 
jshell> $96 ==> "BOOK_BLOCK_020_END"

jshell> $97 ==> "BOOK_BLOCK_021_BEGIN"

jshell> 2026-09-12 20:12:27 INFO  BookChapter10:5 - Feasible: false, rate: 5000.0 kg/hr

jshell> $101 ==> "BOOK_BLOCK_021_END"

jshell> $102 ==> "BOOK_BLOCK_022_BEGIN"

jshell> 2026-09-12 20:12:27 INFO  BookChapter10:5 - Bottleneck: HP Separator

jshell> $105 ==> "BOOK_BLOCK_022_END"

jshell> $106 ==> "BOOK_BLOCK_023_BEGIN"

jshell> 2026-09-12 20:12:30 INFO  BookChapter10:5 - Separation train configured; pressure optimization requires explicit decision bounds.

jshell> $121 ==> "BOOK_BLOCK_023_END"

jshell> 