|  Welcome to JShell -- Version 25.0.4.1
|  For an introduction type: /help intro

jshell> |  Feedback mode: normal

jshell> 
jshell> 
jshell> $3 ==> "BOOK_BLOCK_006_BEGIN"

jshell> 
jshell> $27 ==> "BOOK_BLOCK_006_END"

jshell> $28 ==> "BOOK_BLOCK_007_BEGIN"

jshell> 
jshell> $40 ==> "BOOK_BLOCK_007_END"

jshell> $41 ==> "BOOK_BLOCK_008_BEGIN"

jshell> 
jshell> $44 ==> "BOOK_BLOCK_008_END"

jshell> $45 ==> "BOOK_BLOCK_009_BEGIN"

jshell> 
jshell> $49 ==> "BOOK_BLOCK_009_END"

jshell> $50 ==> "BOOK_BLOCK_010_BEGIN"

jshell> 2026-09-12 20:11:51 INFO  BookChapter14:7 - speed: 3000.0 / 3000.0 = 100,0%
2026-09-12 20:11:51 INFO  BookChapter14:7 - minSpeed: 3000.0 / 1.7976931348623157E308 = 75,0%
2026-09-12 20:11:51 INFO  BookChapter14:7 - power: 83.33333333333334 / 100.0 = 83,3%
2026-09-12 20:11:51 INFO  BookChapter14:7 - ratedPower: 83.33333333333334 / 100.0 = 83,3%
2026-09-12 20:11:51 INFO  BookChapter14:7 - surgeMargin: 33.4772688937917 / 1.7976931348623157E308 = 29,9%
2026-09-12 20:11:51 INFO  BookChapter14:7 - stonewallMargin: 69.54320987654319 / 1.7976931348623157E308 = 7,2%

jshell> $54 ==> "BOOK_BLOCK_010_END"

jshell> $55 ==> "BOOK_BLOCK_011_BEGIN"

jshell> 
jshell> $59 ==> "BOOK_BLOCK_011_END"

jshell> $60 ==> "BOOK_BLOCK_012_BEGIN"

jshell> 
jshell> $63 ==> "BOOK_BLOCK_012_END"

jshell> $64 ==> "BOOK_BLOCK_013_BEGIN"

jshell> 2026-09-12 20:12:21 INFO  BookChapter14:5 - Feasible: false, rate: 5000.0 kg/hr

jshell> $68 ==> "BOOK_BLOCK_013_END"

jshell> $69 ==> "BOOK_BLOCK_014_BEGIN"

jshell> 
jshell> $72 ==> "BOOK_BLOCK_014_END"

jshell> $73 ==> "BOOK_BLOCK_015_BEGIN"

jshell> 2026-09-12 20:12:26 INFO  BookChapter14:5 - Parallel baseline power: 198.56437092380716 kW

jshell> $87 ==> "BOOK_BLOCK_015_END"

jshell> $88 ==> "BOOK_BLOCK_016_BEGIN"

jshell> 
jshell> $93 ==> "BOOK_BLOCK_016_END"

jshell> 