Picked up _JAVA_OPTIONS: -Xmx512m
ch32_advanced_topics 1 pending_java_harness 
ch32_advanced_topics 2 passed 
ch32_advanced_topics 3 pending_java_harness 
ch32_advanced_topics 4 passed 
ch32_advanced_topics 5 pending_java_harness 
ch32_advanced_topics 6 passed 
ch32_advanced_topics 7 passed 
ch32_advanced_topics 8 integration_pattern 
ch32_advanced_topics 9 pending_java_harness 
ch32_advanced_topics 10 passed 
ch32_advanced_topics 11 pending_java_harness 
ch32_advanced_topics 12 pending_java_harness 
ch32_advanced_topics 13 pending_java_harness 
ch32_advanced_topics 14 pending_java_harness 
ch32_advanced_topics 15 pending_java_harness 
x 0.0  val: 387.4158155748242 exp val 387.4158104987655  deviation 1.310235297875507E-6
x 1.0  val: 402.15042320485117 exp val 402.15041698278463  deviation 1.5471988262547352E-6
x 2.0  val: 415.2940998294012 exp val 415.29409253450115  deviation 1.7565624431884132E-6
Shi-Square: 1.1769605069280274E-10
bias dev: 1.5379988557728853E-6
abs dev 1.5379988557728853E-6
rms dev 6.263546670824837E-4
ch32_advanced_topics 16 passed 
ch32_advanced_topics 17 pending_java_harness 
ch32_advanced_topics 18 pending_java_harness 
ch32_advanced_topics 19 pending_java_harness 
ch32_advanced_topics 20 passed 
ch32_advanced_topics 21 passed 
ch32_advanced_topics 22 passed 
ch32_advanced_topics 23 pending_java_harness 
ch32_advanced_topics 24 passed 
ch32_advanced_topics 25 passed 
