Rendering html
[book_render_html] HTML generated: C:\Users\solbraa\OneDrive - NTNU\Documents\GitHub\neqsim\neqsim-paperlab\books\production_optimization_oil_gas_2026\.build\release_candidate\submission\book.html  (3102 KB)
Rendering pdf
[book_render_pdf] Preparing chapter 1: Introduction to Production Optimization
[book_render_pdf] Preparing chapter 2: Thermodynamic Foundations for Process Simulation
[book_render_pdf] Preparing chapter 3: Fluid Characterization and PVT Modeling
[book_render_pdf] Preparing chapter 4: Reservoir Engineering and Inflow Performance
[book_render_pdf] Preparing chapter 5: Well Performance and Tubing Design
[book_render_pdf] Preparing chapter 6: Well Networks, Artificial Lift, and Lift Optimization
[book_render_pdf] Preparing chapter 7: Subsea Production Systems
[book_render_pdf] Preparing chapter 8: Flowlines, Risers, and Pipeline Hydraulics
[book_render_pdf] Preparing chapter 9: Flow Assurance
[book_render_pdf] Preparing chapter 10: Separation Technology and Equipment Design
[book_render_pdf] Preparing chapter 11: Oil Processing and Stabilization
[book_render_pdf] Preparing chapter 12: Gas Processing and Conditioning
[book_render_pdf] Preparing chapter 13: Produced Water Treatment
[book_render_pdf] Preparing chapter 14: Gas Compression Systems
[book_render_pdf] Preparing chapter 15: Compressor Characteristics and Performance Curves
[book_render_pdf] Preparing chapter 16: Heat Exchangers and Thermal Design
[book_render_pdf] Preparing chapter 17: Valves, Flow Control, and Pressure Relief
[book_render_pdf] Preparing chapter 18: Power Production and Energy Sources
[book_render_pdf] Preparing chapter 19: Export Systems and Fiscal Metering
[book_render_pdf] Preparing chapter 20: Capacity Checks and Equipment Utilization
[book_render_pdf] Preparing chapter 21: Systematic Debottlenecking and Utilization Analysis
[book_render_pdf] Preparing chapter 22: Production Optimization Theory and Methods
[book_render_pdf] Preparing chapter 23: The NeqSim Optimization Framework
[book_render_pdf] Preparing chapter 24: Production Optimization Implementation
[book_render_pdf] Preparing chapter 25: Real-Time Utilization Monitoring
[book_render_pdf] Preparing chapter 26: Well and Network Optimization
[book_render_pdf] Preparing chapter 27: Multi-Scenario and Stochastic Optimization
[book_render_pdf] Preparing chapter 28: Field Development Optimization and VFP Tables
[book_render_pdf] Preparing chapter 29: Dynamic Simulation and Process Control
[book_render_pdf] Preparing chapter 30: Digital Twins, Automation, and AI-Assisted Optimization
[book_render_pdf] Preparing chapter 31: Numerical Methods and Solver Convergence
[book_render_pdf] Preparing chapter 32: AI-Driven and Advanced Optimization Methods
[book_render_pdf] Preparing chapter 33: Onshore Gas Processing Plants
[book_render_pdf] Preparing chapter 34: Integrated Case Studies
[book_render_pdf] Preparing chapter 35: Future Directions in Production Optimization
[book_render_pdf] PDF generated: C:\Users\solbraa\OneDrive - NTNU\Documents\GitHub\neqsim\neqsim-paperlab\books\production_optimization_oil_gas_2026\.build\release_candidate\submission\book.pdf  (50922 KB)
Build manifest: C:\Users\solbraa\OneDrive - NTNU\Documents\GitHub\neqsim\neqsim-paperlab\books\production_optimization_oil_gas_2026\verification\render_manifest.json
