{
  "html": "C:\\Users\\solbraa\\OneDrive - NTNU\\Documents\\GitHub\\neqsim\\neqsim-paperlab\\books\\production_optimization_oil_gas_2026\\.build\\release_candidate\\submission\\book.html",
  "sha256": "4ee841a8cc481e8c58ed111f334a1e20f8be14c0aa3e73ef82e4066dac0c0f7c",
  "chapters": 35,
  "images": 202,
  "figures": 201,
  "missing_images": [],
  "duplicate_ids": [],
  "browser": [
    {
      "width": 1024,
      "viewportHeight": 768,
      "bodyScrollWidth": 1024,
      "documentScrollWidth": 1024,
      "mainWidth": 744,
      "sidebarDisplay": "block",
      "overflow": [],
      "missingImages": [],
      "katexAvailable": true,
      "renderedMathCount": 4588,
      "katexErrors": [],
      "requestedWidth": 1024,
      "screenshot": "C:\\Users\\solbraa\\OneDrive - NTNU\\Documents\\GitHub\\neqsim\\neqsim-paperlab\\books\\production_optimization_oil_gas_2026\\verification\\full_book_html.1024.png"
    },
    {
      "width": 500,
      "viewportHeight": 768,
      "bodyScrollWidth": 500,
      "documentScrollWidth": 562,
      "mainWidth": 500,
      "sidebarDisplay": "none",
      "overflow": [],
      "missingImages": [],
      "katexAvailable": true,
      "renderedMathCount": 4588,
      "katexErrors": [],
      "requestedWidth": 500,
      "screenshot": "C:\\Users\\solbraa\\OneDrive - NTNU\\Documents\\GitHub\\neqsim\\neqsim-paperlab\\books\\production_optimization_oil_gas_2026\\verification\\full_book_html.500.png"
    }
  ],
  "source_unchanged": true,
  "passed": true
}
