{
  "pdf": "C:\\Users\\solbraa\\OneDrive - NTNU\\Documents\\GitHub\\neqsim\\neqsim-paperlab\\books\\production_optimization_oil_gas_2026\\.build\\release_candidate\\submission\\book.pdf",
  "sha256": "30993fa2bb922e051fd4900fd2de3d6f508673e4c6bb0c39865bc57fb0baf13f",
  "pages": 1366,
  "page_size_mm": [
    170.0,
    244.0
  ],
  "selected_pages": [
    1,
    2,
    5,
    6,
    8,
    9,
    49,
    64,
    347,
    865,
    1216,
    1229,
    1230,
    1366
  ],
  "matched_sections": {
    "preface": 6,
    "software": 9,
    "code": 49,
    "table": 64,
    "flow_figure": 64,
    "separator": 347,
    "evidence": 865,
    "calibration": 1216,
    "pareto": 1229,
    "seasonal": 1230
  }
}
Text spans outside page: 0 ; empty pages: 0
First overflows: []
