{
  "pdf_sha256": "30993fa2bb922e051fd4900fd2de3d6f508673e4c6bb0c39865bc57fb0baf13f",
  "numbered_chapters": [
    "Introduction to Production Optimization",
    "Thermodynamic Foundations for Process Simulation",
    "Fluid Characterization and PVT Modeling",
    "Reservoir Engineering and Inflow Performance",
    "Well Performance and Artificial Lift",
    "Production Wells, Artificial Lift, and Well Network Modeling",
    "Subsea Production Systems",
    "Flowlines, Risers, and Pipeline Hydraulics",
    "Flow Assurance",
    "Separation Technology and Equipment Design",
    "Oil Processing and Stabilization",
    "Gas Processing and Conditioning",
    "Produced Water Treatment",
    "Gas Compression Systems",
    "Compressor Characteristics and Performance Curves",
    "Heat Exchangers and Thermal Design",
    "Valves, Flow Control, and Pressure Relief",
    "Power Production and Energy Sources for Oil and Gas Processing",
    "Export Systems and Fiscal Metering",
    "Capacity Checks and Equipment Utilization",
    "Debottlenecking and Capacity Management",
    "Production Optimization Theory and Methods",
    "The NeqSim Optimization Framework",
    "Production Optimization",
    "Real-Time Utilization Monitoring",
    "Well and Network Optimization",
    "Multi-Scenario and Stochastic Optimization",
    "Field Development Planning",
    "Dynamic Simulation and Process Control",
    "Digital Twins, Automation, and AI-Assisted Optimization",
    "Numerical Methods and Solver Convergence",
    "Advanced Topics and Emerging Technologies",
    "Onshore Gas Processing Plants",
    "Integrated Case Studies",
    "Future Directions in Production Optimization"
  ],
  "numbered_chapter_count": 35,
  "pdf_caption_count": 201,
  "html_caption_count": 201,
  "pdf_only_labels": [],
  "html_only_labels": [],
  "invalid_figure_chapters": [],
  "rendered_prerequisite_notes": 32,
  "passed": true
}
